// Jest Snapshot v1, https://goo.gl/fbAQLP

exports[`Header should render correctly 1`] = `
<div>
  <div
    class="pf-c-masthead__main"
  >
    <a
      class="pf-c-masthead__brand"
      data-testid="native-link"
      href="http://localhost/"
      tabindex="0"
    >
      <img
        alt="Red Hat Logo"
        class="pf-c-brand chr-c-brand"
        src="test-file-stub"
      />
    </a>
  </div>
  <div
    class="pf-c-masthead__content"
  >
    <div
      class="pf-c-toolbar pf-m-full-height"
      data-ouia-component-id="OUIA-Generated-Toolbar-1"
      data-ouia-component-type="PF4/Toolbar"
      data-ouia-safe="true"
      id="pf-random-id-0"
    >
      <div
        class="pf-c-toolbar__content"
      >
        <div
          class="pf-c-toolbar__content-section"
        >
          <div
            class="pf-c-toolbar__group pf-m-filter-group"
          >
            <div
              class="pf-c-toolbar__item"
            >
              <div
                class="pf-c-dropdown pf-m-full-height"
                data-ouia-component-id="App Filter"
                data-ouia-component-type="PF4/Dropdown"
                data-ouia-safe="true"
              >
                <button
                  aria-expanded="false"
                  aria-haspopup="false"
                  class="pf-c-dropdown__toggle"
                  data-ouia-component-id="OUIA-Generated-DropdownToggle-1"
                  data-ouia-component-type="PF4/DropdownToggle"
                  data-ouia-safe="true"
                  id="toggle-id"
                  type="button"
                >
                  <span
                    class="pf-c-dropdown__toggle-text"
                  >
                    All apps and services
                  </span>
                  <span
                    class="pf-c-dropdown__toggle-icon"
                  >
                    <svg
                      aria-hidden="true"
                      fill="currentColor"
                      height="1em"
                      role="img"
                      style="vertical-align: -0.125em;"
                      viewBox="0 0 320 512"
                      width="1em"
                    >
                      <path
                        d="M31.3 192h257.3c17.8 0 26.7 21.5 14.1 34.1L174.1 354.8c-7.8 7.8-20.5 7.8-28.3 0L17.2 226.1C4.6 213.5 13.5 192 31.3 192z"
                      />
                    </svg>
                  </span>
                </button>
              </div>
            </div>
          </div>
          <div
            class="pf-c-toolbar__group pf-m-align-right pf-m-space-items-none pf-m-icon-button-group pf-m-align-right pf-m-spacer-none pf-m-spacer-md-on-md pf-u-mr-0"
            widget-type="InsightsToolbar"
          >
            <div
              class="pf-c-toolbar__item"
            >
              <a
                aria-disabled="false"
                aria-label="Go to internal tools"
                class="pf-c-button pf-m-plain chr-c-toolbar__button-internal"
                data-ouia-component-id="OUIA-Generated-Button-plain-1"
                data-ouia-component-type="PF4/Button"
                data-ouia-safe="true"
                href="http://localhost/internal"
                widget-type="InternalButton"
              >
                <svg
                  aria-hidden="true"
                  fill="currentColor"
                  height="1em"
                  role="img"
                  style="vertical-align: -0.125em;"
                  viewBox="0 0 512 512"
                  width="1em"
                >
                  <path
                    d="M341.52 285.56c33.65 0 82.34-6.94 82.34-47 .22-6.74.86-1.82-20.88-96.24-4.62-19.15-8.68-27.84-42.31-44.65-26.09-13.34-82.92-35.37-99.73-35.37-15.66 0-20.2 20.17-38.87 20.17-18 0-31.31-15.06-48.12-15.06-16.14 0-26.66 11-34.78 33.62-27.5 77.55-26.28 74.27-26.12 78.27 0 24.8 97.64 106.11 228.47 106.11M429 254.84c4.65 22 4.65 24.35 4.65 27.25 0 37.66-42.33 58.56-98 58.56-125.74.08-235.91-73.65-235.91-122.33a49.55 49.55 0 0 1 4.06-19.72C58.56 200.86 0 208.93 0 260.63c0 84.67 200.63 189 359.49 189 121.79 0 152.51-55.08 152.51-98.58 0-34.21-29.59-73.05-82.93-96.24"
                  />
                </svg>
              </a>
            </div>
            <div
              class="pf-c-dropdown pf-m-align-right"
              data-ouia-component-id="chrome-help"
              data-ouia-component-type="PF4/Dropdown"
              data-ouia-safe="true"
            >
              <button
                aria-expanded="false"
                aria-haspopup="true"
                class="pf-c-dropdown__toggle pf-m-plain"
                data-ouia-component-id="HelpMenu"
                data-ouia-component-type="PF4/DropdownToggle"
                data-ouia-safe="true"
                id="HelpMenu"
                type="button"
              >
                <span>
                  <svg
                    aria-hidden="true"
                    fill="currentColor"
                    height="1em"
                    role="img"
                    style="vertical-align: -0.125em;"
                    viewBox="0 0 512 512"
                    width="1em"
                  >
                    <path
                      d="M504 256c0 136.997-111.043 248-248 248S8 392.997 8 256C8 119.083 119.043 8 256 8s248 111.083 248 248zM262.655 90c-54.497 0-89.255 22.957-116.549 63.758-3.536 5.286-2.353 12.415 2.715 16.258l34.699 26.31c5.205 3.947 12.621 3.008 16.665-2.122 17.864-22.658 30.113-35.797 57.303-35.797 20.429 0 45.698 13.148 45.698 32.958 0 14.976-12.363 22.667-32.534 33.976C247.128 238.528 216 254.941 216 296v4c0 6.627 5.373 12 12 12h56c6.627 0 12-5.373 12-12v-1.333c0-28.462 83.186-29.647 83.186-106.667 0-58.002-60.165-102-116.531-102zM256 338c-25.365 0-46 20.635-46 46 0 25.364 20.635 46 46 46s46-20.636 46-46c0-25.365-20.635-46-46-46z"
                    />
                  </svg>
                </span>
              </button>
            </div>
            <div
              class="pf-c-toolbar__item pf-m-hidden pf-m-visible-on-lg pf-u-mr-0"
            >
              <div
                aria-label="Overflow actions"
                class="pf-c-dropdown pf-m-align-right chr-c-dropdown-user-toggle"
                data-ouia-component-id="chrome-user-menu"
                data-ouia-component-type="PF4/Dropdown"
                data-ouia-safe="true"
              >
                <button
                  aria-expanded="false"
                  aria-haspopup="true"
                  class="pf-c-dropdown__toggle data-hj-suppress"
                  data-ouia-component-id="OUIA-Generated-DropdownToggle-2"
                  data-ouia-component-type="PF4/DropdownToggle"
                  data-ouia-safe="true"
                  id="UserMenu"
                  type="button"
                  widget-type="UserMenu"
                >
                  <span
                    class="pf-c-dropdown__toggle-image"
                  >
                    <img
                      alt="User Avatar"
                      class="pf-c-avatar"
                      src="apps/chrome/assets/images/img_avatar.svg"
                    />
                  </span>
                  <span
                    class="pf-c-dropdown__toggle-text"
                  >
                    John Doe
                  </span>
                  <span
                    class="pf-c-dropdown__toggle-icon"
                  >
                    <svg
                      aria-hidden="true"
                      fill="currentColor"
                      height="1em"
                      role="img"
                      style="vertical-align: -0.125em;"
                      viewBox="0 0 320 512"
                      width="1em"
                    >
                      <path
                        d="M31.3 192h257.3c17.8 0 26.7 21.5 14.1 34.1L174.1 354.8c-7.8 7.8-20.5 7.8-28.3 0L17.2 226.1C4.6 213.5 13.5 192 31.3 192z"
                      />
                    </svg>
                  </span>
                </button>
              </div>
            </div>
            <div
              class="pf-c-toolbar__item pf-m-hidden-on-lg"
            >
              <div
                aria-label="Overflow actions"
                class="pf-c-dropdown pf-m-align-right chr-c-dropdown-user-toggle"
                data-ouia-component-id="chrome-user-menu"
                data-ouia-component-type="PF4/Dropdown"
                data-ouia-safe="true"
              >
                <button
                  aria-expanded="false"
                  aria-haspopup="true"
                  aria-label="Actions"
                  class="pf-c-dropdown__toggle data-hj-suppress"
                  id="pf-dropdown-toggle-id-0"
                  type="button"
                >
                  <svg
                    aria-hidden="true"
                    fill="currentColor"
                    height="1em"
                    role="img"
                    style="vertical-align: -0.125em;"
                    viewBox="0 0 192 512"
                    width="1em"
                  >
                    <path
                      d="M96 184c39.8 0 72 32.2 72 72s-32.2 72-72 72-72-32.2-72-72 32.2-72 72-72zM24 80c0 39.8 32.2 72 72 72s72-32.2 72-72S135.8 8 96 8 24 40.2 24 80zm0 352c0 39.8 32.2 72 72 72s72-32.2 72-72-32.2-72-72-72-72 32.2-72 72z"
                    />
                  </svg>
                </button>
              </div>
            </div>
          </div>
        </div>
        <div
          class="pf-c-toolbar__expandable-content"
          id="pf-random-id-0-expandable-content-0"
        >
          <div
            class="pf-c-toolbar__group"
          />
        </div>
      </div>
      <div
        class="pf-c-toolbar__content pf-m-hidden"
        hidden=""
      >
        <div
          class="pf-c-toolbar__group"
        />
      </div>
    </div>
  </div>
</div>
`;

exports[`unauthed should render correctly 1`] = `
<div
  class="pf-c-page__header-tools"
>
  <button
    aria-disabled="false"
    aria-label="Toggle primary navigation"
    class="pf-c-button pf-m-tertiary"
    data-ouia-component-id="top-right-login-button"
    data-ouia-component-type="PF4/Button"
    data-ouia-safe="true"
    type="button"
    widget-type="InsightsNavToggle"
  >
    Log in
  </button>
</div>
`;
