// Jest Snapshot v1, https://goo.gl/fbAQLP

exports[`Header should render correctly 1`] = `
<Connect(Header)
  currentApp="Red Hat Insights"
>
  Array [
    <Connect(Brand)>
      <div
        className="pf-c-page__header-brand"
      >
        <div
          className="pf-c-page__header-brand-toggle"
        >
          <button
            aria-disabled={false}
            aria-label="Toggle primary navigation"
            className="pf-c-button pf-m-plain"
            data-ouia-component-id="chrome-nav-toggle"
            data-ouia-component-type="PF4/Button"
            data-ouia-safe={true}
            disabled={false}
            onClick={[Function]}
            type="button"
          >
            <svg
              aria-hidden={true}
              aria-labelledby={null}
              fill="currentColor"
              height="1.5em"
              role="img"
              style={
                Object {
                  "verticalAlign": "-0.1875em",
                }
              }
              viewBox="0 0 448 512"
              width="1.5em"
            >
              <path
                d="M16 132h416c8.837 0 16-7.163 16-16V76c0-8.837-7.163-16-16-16H16C7.163 60 0 67.163 0 76v40c0 8.837 7.163 16 16 16zm0 160h416c8.837 0 16-7.163 16-16v-40c0-8.837-7.163-16-16-16H16c-8.837 0-16 7.163-16 16v40c0 8.837 7.163 16 16 16zm0 160h416c8.837 0 16-7.163 16-16v-40c0-8.837-7.163-16-16-16H16c-8.837 0-16 7.163-16 16v40c0 8.837 7.163 16 16 16z"
              />
            </svg>
          </button>
        </div>
        <a
          className="pf-c-page__header-brand-link"
          href="./"
        >
          <img
            alt="Red Hat Logo"
            src="test-file-stub"
          />
        </a>
      </div>
    </Connect(Brand)>,
    <div
      className="pf-c-page__header-tools"
    >
      <button
        aria-disabled={false}
        aria-label="Toggle primary navigation"
        className="pf-c-button pf-m-tertiary"
        data-ouia-component-id={0}
        data-ouia-component-type="PF4/Button"
        data-ouia-safe={true}
        disabled={false}
        onClick={[Function]}
        type="button"
        widget-type="InsightsNavToggle"
      >
        Log in
      </button>
    </div>,
  ]
</Connect(Header)>
`;

exports[`unauthed should render correctly 1`] = `
<Fragment>
  <Connect(Brand) />
  <Login />
</Fragment>
`;
