// Jest Snapshot v1, https://goo.gl/fbAQLP

exports[`ToolbarToggle should render correctly 1`] = `
<Component
  dropdownItems={
    Array [
      <Unknown
        component="a"
        href="url1"
        rel="noopener noreferrer"
        target="_blank"
      >
        title1
      </Unknown>,
      <Unknown
        component="button"
        onClick={[Function]}
      >
        title2
      </Unknown>,
    ]
  }
  isOpen={false}
  isPlain={true}
  onSelect={[Function]}
  position="right"
  toggle={
    <Unknown
      iconComponent={null}
      onToggle={[Function]}
    >
      <UNDEFINED />
    </Unknown>
  }
/>
`;
