// Jest Snapshot v1, https://goo.gl/fbAQLP

exports[`Tools should render correctly 1`] = `
<PageHeaderTools
  widget-type="InsightsToolbar"
>
  <PageHeaderToolsGroup
    visibility={
      Object {
        "default": "hidden",
        "sm": "visible",
      }
    }
  >
    <PageHeaderToolsItem>
      <AboutButton />
    </PageHeaderToolsItem>
  </PageHeaderToolsGroup>
  <PageHeaderToolsGroup
    visibility={
      Object {
        "default": "hidden",
        "sm": "visible",
      }
    }
  >
    <PageHeaderToolsItem>
      <Connect(UserToggle)
        className="ins-c-dropdown__user"
      />
    </PageHeaderToolsItem>
  </PageHeaderToolsGroup>
  <PageHeaderToolsGroup
    visibility={
      Object {
        "sm": "hidden",
      }
    }
  >
    <PageHeaderToolsItem>
      <Connect(UserToggle)
        extraItems={
          Array [
            <React.Fragment>
              <Divider
                component="li"
              />
            </React.Fragment>,
            <React.Fragment>
              <DropdownItem
                component="button"
                onClick={[Function]}
              >
                Settings
              </DropdownItem>
            </React.Fragment>,
            <React.Fragment>
              <DropdownItem
                component="button"
                onClick={[Function]}
              >
                Use the beta release
              </DropdownItem>
            </React.Fragment>,
            <React.Fragment>
              <Divider
                component="li"
              />
            </React.Fragment>,
            <React.Fragment>
              <DropdownItem
                component="a"
                href="https://access.redhat.com/support"
                rel="noopener noreferrer"
                target="_blank"
              >
                Support options
              </DropdownItem>
            </React.Fragment>,
            <React.Fragment>
              <DropdownItem
                component="button"
                onClick={[Function]}
              >
                Open support case
              </DropdownItem>
            </React.Fragment>,
            <React.Fragment>
              <DropdownItem
                component="a"
                href="http://localhost/docs/api"
                rel="noopener noreferrer"
                target="_blank"
              >
                API documentation
              </DropdownItem>
            </React.Fragment>,
            <React.Fragment>
              <DropdownItem
                component="button"
                onClick={[Function]}
              >
                About
              </DropdownItem>
            </React.Fragment>,
          ]
        }
        isSmall={true}
      />
    </PageHeaderToolsItem>
  </PageHeaderToolsGroup>
</PageHeaderTools>
`;
