// Jest Snapshot v1, https://goo.gl/fbAQLP

exports[`Tools should render correctly 1`] = `
<div
  class="pf-c-toolbar__group pf-m-align-right pf-m-space-items-none pf-m-icon-button-group pf-m-align-right pf-m-spacer-none pf-m-spacer-md-on-md pf-u-mr-0"
  widget-type="InsightsToolbar"
>
  &lt;ToolbarToggle /&gt;
  <div
    class="pf-c-toolbar__item pf-m-hidden pf-m-visible-on-lg pf-u-mr-0"
  >
    &lt;UserToggle /&gt;
  </div>
  <div
    class="pf-c-toolbar__item pf-m-hidden-on-lg"
  >
    &lt;UserToggle /&gt;
  </div>
</div>
`;
