// Jest Snapshot v1, https://goo.gl/fbAQLP

exports[`Tools should render correctly 1`] = `
<Component
  widget-type="InsightsToolbar"
>
  <Component
    visibility={
      Object {
        "default": "hidden",
        "sm": "visible",
      }
    }
  >
    <Component>
      <AboutButton />
    </Component>
  </Component>
  <Component
    visibility={
      Object {
        "default": "hidden",
        "sm": "visible",
      }
    }
  >
    <Component>
      <Connect(UserToggle)
        className="ins-c-dropdown__user"
      />
    </Component>
  </Component>
  <Component
    visibility={
      Object {
        "sm": "hidden",
      }
    }
  >
    <Component>
      <Connect(UserToggle)
        extraItems={
          Array [
            <React.Fragment>
              <Unknown
                component="li"
              />
            </React.Fragment>,
            <React.Fragment>
              <Unknown
                component="a"
                href="http://localhost/settings/rbac/"
                rel="noopener noreferrer"
                target="_blank"
              >
                Settings
              </Unknown>
            </React.Fragment>,
            <React.Fragment>
              <Unknown
                component="li"
              />
            </React.Fragment>,
            <React.Fragment>
              <Unknown
                component="a"
                href="https://access.redhat.com/support"
                rel="noopener noreferrer"
                target="_blank"
              >
                Customer support
              </Unknown>
            </React.Fragment>,
            <React.Fragment>
              <Unknown
                component="a"
                href="https://www.redhat.com/en/services/training-and-certification"
                rel="noopener noreferrer"
                target="_blank"
              >
                Training
              </Unknown>
            </React.Fragment>,
            <React.Fragment>
              <Unknown
                component="a"
                href="http://localhost/docs/api"
                rel="noopener noreferrer"
                target="_blank"
              >
                API documentation
              </Unknown>
            </React.Fragment>,
            <React.Fragment>
              <Unknown
                component="button"
                onClick={[Function]}
              >
                About
              </Unknown>
            </React.Fragment>,
          ]
        }
        isSmall={true}
      />
    </Component>
  </Component>
  <Connect(UserIcon) />
</Component>
`;
