// Jest Snapshot v1, https://goo.gl/fbAQLP

exports[`Connected User Icon should render correctly with initial state 1`] = `
<img
  alt="User Avatar"
  class="pf-c-avatar"
  src="apps/chrome/assets/images/img_avatar.svg"
/>
`;

exports[`User Icon should render correctly with initial state 1`] = `
<img
  alt="User Avatar"
  class="pf-c-avatar"
  src="apps/chrome/assets/images/img_avatar.svg"
/>
`;
