// Jest Snapshot v1, https://goo.gl/fbAQLP

exports[`Connected User Icon should render correctly with initial state 1`] = `
<ContextProvider
  value={
    Object {
      "store": Object {
        "clearActions": [Function],
        "dispatch": [Function],
        "getActions": [Function],
        "getState": [Function],
        "replaceReducer": [Function],
        "subscribe": [Function],
      },
      "subscription": Subscription {
        "handleChangeWrapper": [Function],
        "listeners": Object {
          "notify": [Function],
        },
        "onStateChange": [Function],
        "parentSub": undefined,
        "store": Object {
          "clearActions": [Function],
          "dispatch": [Function],
          "getActions": [Function],
          "getState": [Function],
          "replaceReducer": [Function],
          "subscribe": [Function],
        },
        "unsubscribe": null,
      },
    }
  }
>
  <Connect(UserIcon) />
</ContextProvider>
`;

exports[`User Icon should render correctly with initial state 1`] = `
<Avatar
  alt="User Avatar"
  src="apps/chrome/assets/images/img_avatar.svg"
/>
`;
