// Jest Snapshot v1, https://goo.gl/fbAQLP

exports[`Login should render correctly 1`] = `
<div
  class="pf-c-page__header-tools"
>
  <button
    aria-disabled="false"
    aria-label="Toggle primary navigation"
    class="pf-c-button pf-m-tertiary"
    data-ouia-component-id="top-right-login-button"
    data-ouia-component-type="PF4/Button"
    data-ouia-safe="true"
    type="button"
    widget-type="InsightsNavToggle"
  >
    Log in
  </button>
</div>
`;
