// Jest Snapshot v1, https://goo.gl/fbAQLP

exports[`AppSwitcher should render correctly 1`] = `
<section
  className="ins-c-app-switcher"
>
  <Dropdown
    className="ins-c-app-switcher__dropdown"
    dropdownItems={
      Array [
        <DropdownItem
          className="ins-c-app-switcher__current"
          component="a"
          href="http://localhost/insights"
        >
          Red Hat Insights
        </DropdownItem>,
        <DropdownItem
          className=""
          component="a"
          href="http://localhost/openshift"
        >
          Red Hat OpenShift Cluster Manager
        </DropdownItem>,
        <DropdownItem
          className=""
          component="a"
          href="http://localhost/ansible"
        >
          Red Hat Ansible Automation Platform
        </DropdownItem>,
        <DropdownItem
          className=""
          component="a"
          href="http://localhost/cost-management"
        >
          Cost Management
        </DropdownItem>,
        <DropdownItem
          className=""
          component="a"
          href="http://localhost/migrations"
        >
          Migration Services
        </DropdownItem>,
        <DropdownItem
          className=""
          component="a"
          href="http://localhost/subscriptions"
        >
          Subscription Watch
        </DropdownItem>,
      ]
    }
    isOpen={false}
    isPlain={true}
    onSelect={[Function]}
    toggle={
      <DropdownToggle
        id="toggle-id"
        onToggle={[Function]}
        toggleIndicator={[Function]}
      >
        Red Hat Insights
      </DropdownToggle>
    }
  />
</section>
`;
